
==============================================================================
CELL 15  (execution_count=16)
==============================================================================
===========================================================================
ABLATION TABLE (leave-one-antibody-out CV)
===========================================================================
  A) One-hot + position                     AUROC=0.6844  AUPRC=0.1314
  B) A + G-ESM                              AUROC=0.7578  AUPRC=0.1631
  C) A + Antibody-ESM                       AUROC=0.6866  AUPRC=0.1388
  D) A + G-ESM + Antibody-ESM (full)        AUROC=0.7600  AUPRC=0.1624
0


==============================================================================
CELL 16  (execution_count=17)
==============================================================================
======================================================================
INTERPRETABILITY: Top escape-prone positions per antibody
======================================================================

17C7:  (total G-ESM importance = 0.94)
          mean  count
site                 
333   0.353383    133
143   0.314516    124
145   0.294574    129
226   0.293233    133
228   0.290323    124
269   0.289062    128
211   0.279070    129
361   0.271318    129
223   0.264000    125
252   0.260870    115

CR4098:  (total G-ESM importance = 0.94)
          mean  count
site                 
333   0.368421    133
143   0.319672    122
361   0.310078    129
269   0.300000    130
211   0.297710    131
226   0.293233    133
61    0.292308    130
223   0.289062    128
145   0.286822    129
344   0.281250    128

CR57:  (total G-ESM importance = 0.94)
          mean  count
site                 
333   0.398496    133
334   0.293233    133
269   0.292308    130
211   0.276923    130
143   0.275000    120
310   0.273438    128
258   0.270677    133
223   0.269841    126
145   0.269231    130
261   0.267717    127

CTB012:  (total G-ESM importance = 0.93)
          mean  count
site                 
333   0.338346    133
344   0.302326    129
61    0.286822    129
226   0.285714    133
361   0.281250    128
334   0.270677    133
211   0.267176    131
228   0.264000    125
229   0.255639    133
223   0.250000    124

RVA122:  (total G-ESM importance = 0.93)
          mean  count
site                 
143   0.322314    121
145   0.317829    129
269   0.300000    130
361   0.296875    128
228   0.296000    125
226   0.293233    133
211   0.292308    130
344   0.283465    127
61    0.274809    131
45    0.272059    136

RVC20:  (total G-ESM importance = 0.94)
          mean  count
site                 
333   0.390977    133
143   0.314050    121
145   0.312500    128
269   0.294574    129
228   0.293651    126
334   0.293233    133
211   0.284615    130
361   0.269231    130
61    0.267176    131
261   0.257812    128

RVC58:  (total G-ESM importance = 0.93)
          mean  count
site                 
143   0.327869    122
145   0.312500    128
269   0.302326    129
228   0.301587    126
226   0.293233    133
344   0.289062    128
334   0.285714    133
211   0.282443    131
361   0.279070    129
333   0.278195    133

RVC68:  (total G-ESM importance = 0.93)
          mean  count
site                 
333   0.398496    133
145   0.312500    128
143   0.303279    122
269   0.300000    130
361   0.296875    128
226   0.293233    133
334   0.285714    133
258   0.280303    132
344   0.279070    129
211   0.274809    131

======================================================================
CONSENSUS TOP ESCAPE SITES (appear in top-10 for ≥3 antibodies)
======================================================================
Sites: [211, 333, 143, 145, 269, 361, 226, 228, 344, 334, 223, 61]
0


==============================================================================
CELL 20  (execution_count=20)
==============================================================================
Training models and collecting predictions...
  17C7 done
  CR4098 done
  CR57 done
  CTB012 done
  RVA122 done
  RVC20 done
  RVC58 done
  RVC68 done

======================================================================
BOOTSTRAP AUROC (mean [95% CI])
======================================================================
  17C7      base=0.7097 [0.6902, 0.7297]   esm=0.7488 [0.7296, 0.7666]
  CR4098    base=0.7499 [0.7239, 0.7742]   esm=0.7875 [0.7678, 0.8085]
  CR57      base=0.6587 [0.6360, 0.6816]   esm=0.7383 [0.7149, 0.7598]
  CTB012    base=0.6457 [0.6301, 0.6606]   esm=0.7115 [0.6976, 0.7263]
  RVA122    base=0.7514 [0.7309, 0.7730]   esm=0.8240 [0.8081, 0.8380]
  RVC20     base=0.7034 [0.6854, 0.7204]   esm=0.7913 [0.7753, 0.8060]
  RVC58     base=0.7332 [0.7102, 0.7555]   esm=0.7965 [0.7784, 0.8133]
  RVC68     base=0.6577 [0.6356, 0.6816]   esm=0.7346 [0.7133, 0.7569]

======================================================================
PAIRED T-TEST (ESM vs baseline, across 8 antibodies)
======================================================================
  mean baseline AUROC: 0.7012
  mean ESM AUROC:      0.7666
  mean delta:          +0.0654
  t-statistic:         10.0732
  p-value:             0.000020
  significant (p<0.05): True
0


==============================================================================
CELL 21  (execution_count=21)
==============================================================================
============================================================
RELIABILITY DIAGRAM DATA
============================================================
Bin                  Predicted    Observed     Count   
Bin 1                0.030        0.037        46141   
Bin 2                0.144        0.140        14233   
Bin 3                0.239        0.202        4154    
Bin 4                0.331        0.190        458     
Bin 5                0.430        0.226        53      
Bin 6                0.540        0.000        5       
Bin 7                0.620        0.000        1       

Expected Calibration Error (ECE): 0.0089
Total predictions: 65045
Overall positive rate: 0.0711
[display_data: text/plain,image/png]

✅ Saved: ../data/fig_reliability.png
44


==============================================================================
CELL 22  (execution_count=22)
==============================================================================
✅ Calibration results saved. {'ece': 0.008878592764936548}


==============================================================================
CELL 23  (execution_count=23)
==============================================================================
=================================================================
TOP-K ENRICHMENT   (base positive rate = 0.0711)
=================================================================
K        Escapes@K    Precision    Enrichment  
10       0            0.0000       0.00        x
25       5            0.2000       2.81        x
50       11           0.2200       3.10        x
100      18           0.1800       2.53        x
250      42           0.1680       2.36        x
500      96           0.1920       2.70        x
1000     194          0.1940       2.73        x
2500     515          0.2060       2.90        x
5000     992          0.1984       2.79        x
[display_data: text/plain,image/png]

✅ Saved: ../data/fig_topk.png
✅ Top-K results saved.
4672


==============================================================================
CELL 24  (execution_count=24)
==============================================================================
✅ Top-K results saved. {'base_rate': 0.07105849796294873}


==============================================================================
CELL 25  (execution_count=25)
==============================================================================
✅ stats_results.json saved.
[display_data: text/plain,image/png]
✅ Saved: ../data/fig_per_antibody.png


==============================================================================
CELL 26  (execution_count=26)
==============================================================================
✅ ablation_results.json saved.
[display_data: text/plain,image/png]
✅ Saved: ../data/fig_ablation.png


==============================================================================
CELL 27  (execution_count=27)
==============================================================================
✅ interpretability_results.json saved.
[display_data: text/plain,image/png]
✅ Saved: ../data/fig_interpretability.png


==============================================================================
CELL 28  (execution_count=28)
==============================================================================
⚠️  DERIVE scores not found — using G-ESM-only model as proxy
   (Same conceptual role: no antibody input)
✅ Antigen-centric proxy scores computed

======================================================================
COMPARISON: G-ESM only (antigen-centric proxy) vs Your Antibody-Conditioned Model
======================================================================
  17C7      G-ESM only (antigen-centric proxy): 0.7490   Yours: 0.7488   Δ: -0.0001
  CR4098    G-ESM only (antigen-centric proxy): 0.7879   Yours: 0.7875   Δ: -0.0004
  CR57      G-ESM only (antigen-centric proxy): 0.7383   Yours: 0.7383   Δ: -0.0001
  CTB012    G-ESM only (antigen-centric proxy): 0.7120   Yours: 0.7115   Δ: -0.0004
  RVA122    G-ESM only (antigen-centric proxy): 0.8239   Yours: 0.8240   Δ: +0.0001
  RVC20     G-ESM only (antigen-centric proxy): 0.7916   Yours: 0.7913   Δ: -0.0003
  RVC58     G-ESM only (antigen-centric proxy): 0.7964   Yours: 0.7965   Δ: +0.0001
  RVC68     G-ESM only (antigen-centric proxy): 0.7347   Yours: 0.7346   Δ: -0.0000

======================================================================
SUMMARY TABLE
======================================================================
Antibody  G-ESM only (antigen-centric proxy)  Your Model         Δ
    17C7                            0.748999    0.748849 -0.000150
  CR4098                            0.787881    0.787517 -0.000363
    CR57                            0.738338    0.738278 -0.000060
  CTB012                            0.711958    0.711509 -0.000450
  RVA122                            0.823891    0.823959  0.000069
   RVC20                            0.791572    0.791310 -0.000263
   RVC58                            0.796379    0.796518  0.000139
   RVC68                            0.734660    0.734642 -0.000018
    Mean                            0.766710    0.766573 -0.000137

✅ Saved: ../data/comparison_antigencentric_vs_yours.csv
comparison_result: {'baseline': 'G-ESM only (antigen-centric proxy)', 'proxy_mean_auroc': 0.7667097841003561, 'your_model_mean_auroc': 0.7665728982881904, 'mean_delta': -0.00013688581216575457, 'per_antibody_delta_range': [-0.00044950166621871013, 0.00013920254318511294], 'conclusion': 'Antibody embeddings add no predictive value; model is effectively antigen-centric'}
0


==============================================================================
CELL 29  (execution_count=29)
==============================================================================
✅ Saved. {'baseline': 'G-ESM only (antigen-centric proxy)', 'proxy_mean_auroc': 0.7667097841003561, 'your_model_mean_auroc': 0.7665728982881904, 'mean_delta': -0.00013688581216575457, 'per_antibody_delta_range': [-0.00044950166621871013, 0.00013920254318511294], 'conclusion': 'Antibody embeddings add no predictive value; model is effectively antigen-centric'}


==============================================================================
CELL 30  (execution_count=30)
==============================================================================
Final check — pipeline indexing matches wildtype: 1.0000

